Copyright 1986-2022 Xilinx, Inc. All Rights Reserved. Copyright 2022-2024 Advanced Micro Devices, Inc. All Rights Reserved.
---------------------------------------------------------------------------------------------------------------------------------------------
| Tool Version : Vivado v.2024.2 (lin64) Build 5239630 Fri Nov 08 22:34:34 MST 2024
| Date         : Fri Sep 25 16:59:54 2026
| Host         : JLaptop running 64-bit Ubuntu 26.04.1 LTS
| Command      : report_control_sets -verbose -file zusys_wrapper_control_sets_placed.rpt
| Design       : zusys_wrapper
| Device       : xczu3eg
---------------------------------------------------------------------------------------------------------------------------------------------

Control Set Information

Table of Contents
-----------------
1. Summary
2. Histogram
3. Flip-Flop Distribution
4. Detailed Control Set Information

1. Summary
----------

+----------------------------------------------------------+-------+
|                          Status                          | Count |
+----------------------------------------------------------+-------+
| Total control sets                                       |   114 |
|    Minimum number of control sets                        |   114 |
|    Addition due to synthesis replication                 |     0 |
|    Addition due to physical synthesis replication        |     0 |
| Unused register locations in slices containing registers |   110 |
+----------------------------------------------------------+-------+
* Control sets can be merged at opt_design using control_set_merge or merge_equivalent_drivers
** Run report_qor_suggestions for automated merging and remapping suggestions


2. Histogram
------------

+--------------------+-------+
|       Fanout       | Count |
+--------------------+-------+
| Total control sets |   114 |
| >= 0 to < 4        |    38 |
| >= 4 to < 6        |    17 |
| >= 6 to < 8        |     4 |
| >= 8 to < 10       |     6 |
| >= 10 to < 12      |     2 |
| >= 12 to < 14      |     3 |
| >= 14 to < 16      |     1 |
| >= 16              |    43 |
+--------------------+-------+
* Control sets can be remapped at either synth_design or opt_design


3. Flip-Flop Distribution
-------------------------

+--------------+-----------------------+------------------------+-----------------+--------------+
| Clock Enable | Synchronous Set/Reset | Asynchronous Set/Reset | Total Registers | Total Slices |
+--------------+-----------------------+------------------------+-----------------+--------------+
| No           | No                    | No                     |             765 |          136 |
| No           | No                    | Yes                    |             138 |           35 |
| No           | Yes                   | No                     |             132 |           35 |
| Yes          | No                    | No                     |             474 |           87 |
| Yes          | No                    | Yes                    |              93 |           18 |
| Yes          | Yes                   | No                     |             388 |           73 |
+--------------+-----------------------+------------------------+-----------------+--------------+


4. Detailed Control Set Information
-----------------------------------

+------------------------------------------------+----------------------------------------------------------------------------------------------------------------------------------------------------------------------------------------------------------------------------------------------------------+-----------------------------------------------------------------------------------------------------------------------------------------------------------------------------------------------------------------------------------------+------------------+----------------+--------------+
|                  Clock Signal                  |                                                                                                                       Enable Signal                                                                                                                      |                                                                                                             Set/Reset Signal                                                                                                            | Slice Load Count | Bel Load Count | Bels / Slice |
+------------------------------------------------+----------------------------------------------------------------------------------------------------------------------------------------------------------------------------------------------------------------------------------------------------------+-----------------------------------------------------------------------------------------------------------------------------------------------------------------------------------------------------------------------------------------+------------------+----------------+--------------+
|  dbg_hub/inst/BSCANID.u_xsdbm_id/itck_i        |                                                                                                                                                                                                                                                          | dbg_hub/inst/BSCANID.u_xsdbm_id/CORE_XSDB.UUT_MASTER/U_ICON_INTERFACE/U_CMD6_RD/U_RD_FIFO/SUBCORE_FIFO.xsdbm_v3_0_3_rdfifo_inst/inst_fifo_gen/gconvfifo.rf/grf.rf/rstblk/ngwrdrst.grst.rst_rd_reg2                                      |                1 |              1 |         1.00 |
|  zusys_i/zynq_ultra_ps_e_0/U0/pl_clk0          |                                                                                                                                                                                                                                                          | dbg_hub/inst/BSCANID.u_xsdbm_id/CORE_XSDB.UUT_MASTER/U_XSDB_BUS_CONTROLLER/clr_abort_rd                                                                                                                                                 |                1 |              1 |         1.00 |
|  zusys_i/zynq_ultra_ps_e_0/U0/pl_clk0          |                                                                                                                                                                                                                                                          | dbg_hub/inst/BSCANID.u_xsdbm_id/CORE_XSDB.UUT_MASTER/U_XSDB_BUS_CONTROLLER/clr_rd_req                                                                                                                                                   |                1 |              1 |         1.00 |
|  dbg_hub/inst/BSCANID.u_xsdbm_id/itck_i        |                                                                                                                                                                                                                                                          | dbg_hub/inst/BSCANID.u_xsdbm_id/CORE_XSDB.UUT_MASTER/U_ICON_INTERFACE/U_CMD6_WR/U_WR_FIFO/SUBCORE_FIFO.xsdbm_v3_0_3_wrfifo_inst/inst_fifo_gen/gconvfifo.rf/grf.rf/rstblk/ngwrdrst.rst_wr_reg2                                           |                1 |              1 |         1.00 |
|  zusys_i/zynq_ultra_ps_e_0/U0/pl_clk0          |                                                                                                                                                                                                                                                          | dbg_hub/inst/BSCANID.u_xsdbm_id/CORE_XSDB.UUT_MASTER/U_ICON_INTERFACE/U_CMD6_WR/U_WR_FIFO/SUBCORE_FIFO.xsdbm_v3_0_3_wrfifo_inst/inst_fifo_gen/gconvfifo.rf/grf.rf/rstblk/ngwrdrst.grst.rst_rd_reg2                                      |                1 |              1 |         1.00 |
|  dbg_hub/inst/BSCANID.u_xsdbm_id/itck_i        |                                                                                                                                                                                                                                                          | dbg_hub/inst/BSCANID.u_xsdbm_id/SWITCH_N_EXT_BSCAN.bscan_inst/RESET                                                                                                                                                                     |                1 |              1 |         1.00 |
|  zusys_i/zynq_ultra_ps_e_0/U0/pl_clk0          |                                                                                                                                                                                                                                                          | dbg_hub/inst/BSCANID.u_xsdbm_id/CORE_XSDB.UUT_MASTER/U_ICON_INTERFACE/U_CMD6_RD/U_RD_FIFO/SUBCORE_FIFO.xsdbm_v3_0_3_rdfifo_inst/inst_fifo_gen/gconvfifo.rf/grf.rf/rstblk/ngwrdrst.rst_wr_reg2                                           |                1 |              1 |         1.00 |
|  dbg_hub/inst/BSCANID.u_xsdbm_id/itck_i        | dbg_hub/inst/BSCANID.u_xsdbm_id/SWITCH_N_EXT_BSCAN.bscan_switch/temp_curid[28]_i_1_n_0                                                                                                                                                                   |                                                                                                                                                                                                                                         |                1 |              1 |         1.00 |
|  zusys_i/zynq_ultra_ps_e_0/U0/pl_clk0          | zusys_i/RGPIO/vio_rgpio/inst/PROBE_OUT_ALL_INST/wr_probe_out[4]                                                                                                                                                                                          | zusys_i/RGPIO/vio_rgpio/inst/DECODER_INST/SR[0]                                                                                                                                                                                         |                1 |              2 |         2.00 |
|  zusys_i/zynq_ultra_ps_e_0/U0/pl_clk0          | zusys_i/RGPIO/vio_rgpio/inst/DECODER_INST/E[0]                                                                                                                                                                                                           | zusys_i/RGPIO/vio_rgpio/inst/PROBE_OUT_WIDTH_INST/addr_count[1]_i_1__0_n_0                                                                                                                                                              |                1 |              2 |         2.00 |
|  zusys_i/zynq_ultra_ps_e_0/U0/pl_clk0          |                                                                                                                                                                                                                                                          | dbg_hub/inst/BSCANID.u_xsdbm_id/CORE_XSDB.UUT_MASTER/U_ICON_INTERFACE/U_CMD6_WR/U_WR_FIFO/SUBCORE_FIFO.xsdbm_v3_0_3_wrfifo_inst/inst_fifo_gen/gconvfifo.rf/grf.rf/rstblk/ngwrdrst.grst.rd_rst_reg[2]                                    |                1 |              2 |         2.00 |
|  zusys_i/zynq_ultra_ps_e_0/U0/pl_clk0          | dbg_hub/inst/BSCANID.u_xsdbm_id/CORE_XSDB.UUT_MASTER/U_XSDB_BUS_CONTROLLER/U_TIMER/FSM_onehot_current_state_reg[19]_2[0]                                                                                                                                 | dbg_hub/inst/BSCANID.u_xsdbm_id/CORE_XSDB.UUT_MASTER/U_ICON_INTERFACE/U_CMD1/ctl_reg[0]                                                                                                                                                 |                1 |              2 |         2.00 |
|  zusys_i/zynq_ultra_ps_e_0/U0/pl_clk0          | dbg_hub/inst/BSCANID.u_xsdbm_id/CORE_XSDB.UUT_MASTER/U_XSDB_BUS_CONTROLLER/U_TIMER/FSM_onehot_current_state_reg[19]_0[0]                                                                                                                                 | dbg_hub/inst/BSCANID.u_xsdbm_id/CORE_XSDB.UUT_MASTER/U_ICON_INTERFACE/U_CMD1/ctl_reg[0]                                                                                                                                                 |                1 |              2 |         2.00 |
|  zusys_i/zynq_ultra_ps_e_0/U0/pl_clk0          |                                                                                                                                                                                                                                                          | dbg_hub/inst/BSCANID.u_xsdbm_id/CORE_XSDB.UUT_MASTER/U_ICON_INTERFACE/wrdata_rst                                                                                                                                                        |                1 |              2 |         2.00 |
|  zusys_i/zynq_ultra_ps_e_0/U0/pl_clk0          |                                                                                                                                                                                                                                                          | dbg_hub/inst/BSCANID.u_xsdbm_id/CORE_XSDB.UUT_MASTER/U_ICON_INTERFACE/rddata_rst                                                                                                                                                        |                1 |              2 |         2.00 |
|  zusys_i/zynq_ultra_ps_e_0/U0/pl_clk0          | dbg_hub/inst/BSCANID.u_xsdbm_id/CORE_XSDB.UUT_MASTER/U_XSDB_BUS_CONTROLLER/U_TIMER/FSM_onehot_current_state_reg[19][0]                                                                                                                                   | dbg_hub/inst/BSCANID.u_xsdbm_id/CORE_XSDB.UUT_MASTER/U_ICON_INTERFACE/U_CMD1/ctl_reg[0]                                                                                                                                                 |                1 |              2 |         2.00 |
|  zusys_i/zynq_ultra_ps_e_0/U0/pl_clk0          | dbg_hub/inst/BSCANID.u_xsdbm_id/CORE_XSDB.UUT_MASTER/U_XSDB_BUS_CONTROLLER/U_TIMER/E[0]                                                                                                                                                                  | dbg_hub/inst/BSCANID.u_xsdbm_id/CORE_XSDB.UUT_MASTER/U_ICON_INTERFACE/U_CMD1/ctl_reg[0]                                                                                                                                                 |                1 |              2 |         2.00 |
|  zusys_i/zynq_ultra_ps_e_0/U0/pl_clk0          |                                                                                                                                                                                                                                                          | zusys_i/RGPIO/vio_rgpio/inst/DECODER_INST/SR[0]                                                                                                                                                                                         |                1 |              2 |         2.00 |
|  dbg_hub/inst/BSCANID.u_xsdbm_id/itck_i        | dbg_hub/inst/BSCANID.u_xsdbm_id/SWITCH_N_EXT_BSCAN.bscan_switch/id_state[1]_i_1_n_0                                                                                                                                                                      | dbg_hub/inst/BSCANID.u_xsdbm_id/SWITCH_N_EXT_BSCAN.bscan_inst/RESET                                                                                                                                                                     |                1 |              2 |         2.00 |
| ~zusys_i/zynq_ultra_ps_e_0/U0/pl_clk1          |                                                                                                                                                                                                                                                          |                                                                                                                                                                                                                                         |                2 |              2 |         1.00 |
|  dbg_hub/inst/BSCANID.u_xsdbm_id/itck_i        |                                                                                                                                                                                                                                                          | dbg_hub/inst/BSCANID.u_xsdbm_id/CORE_XSDB.UUT_MASTER/U_ICON_INTERFACE/wrdata_rst                                                                                                                                                        |                1 |              2 |         2.00 |
|  dbg_hub/inst/BSCANID.u_xsdbm_id/itck_i        |                                                                                                                                                                                                                                                          | dbg_hub/inst/BSCANID.u_xsdbm_id/CORE_XSDB.UUT_MASTER/U_ICON_INTERFACE/rddata_rst                                                                                                                                                        |                1 |              2 |         2.00 |
|  zusys_i/zynq_ultra_ps_e_0/U0/pl_clk0          |                                                                                                                                                                                                                                                          | dbg_hub/inst/BSCANID.u_xsdbm_id/CORE_XSDB.UUT_MASTER/U_XSDB_BUS_CONTROLLER/sl_iport0_o[0]                                                                                                                                               |                1 |              3 |         3.00 |
|  dbg_hub/inst/BSCANID.u_xsdbm_id/itck_i        | dbg_hub/inst/BSCANID.u_xsdbm_id/CORE_XSDB.UUT_MASTER/U_ICON_INTERFACE/U_CMD7_CTL/icn_cmd_en_temp                                                                                                                                                         | dbg_hub/inst/BSCANID.u_xsdbm_id/CORE_XSDB.UUT_MASTER/U_ICON_INTERFACE/U_CMD1/ctl_reg[0]                                                                                                                                                 |                1 |              3 |         3.00 |
|  zusys_i/zynq_ultra_ps_e_0/U0/pl_clk0          | dbg_hub/inst/BSCANID.u_xsdbm_id/CORE_XSDB.UUT_MASTER/U_XSDB_BUS_CONTROLLER/U_TIMER/FSM_onehot_current_state_reg[5][0]                                                                                                                                    | dbg_hub/inst/BSCANID.u_xsdbm_id/CORE_XSDB.UUT_MASTER/U_ICON_INTERFACE/U_CMD1/ctl_reg[0]                                                                                                                                                 |                3 |              3 |         1.00 |
|  zusys_i/zynq_ultra_ps_e_0/U0/pl_clk0          | dbg_hub/inst/BSCANID.u_xsdbm_id/CORE_XSDB.UUT_MASTER/U_ICON_INTERFACE/U_CMD7_CTL/ctl_reg[2]_i_1__0_n_0                                                                                                                                                   | dbg_hub/inst/BSCANID.u_xsdbm_id/CORE_XSDB.UUT_MASTER/U_ICON_INTERFACE/U_CMD1/ctl_reg[0]                                                                                                                                                 |                1 |              3 |         3.00 |
|  zusys_i/zynq_ultra_ps_e_0/U0/pl_clk0          | dbg_hub/inst/BSCANID.u_xsdbm_id/CORE_XSDB.UUT_MASTER/U_ICON_INTERFACE/U_CMD7_STAT/stat_reg_ld_temp_1_reg_n_0                                                                                                                                             |                                                                                                                                                                                                                                         |                3 |              3 |         1.00 |
|  dbg_hub/inst/BSCANID.u_xsdbm_id/itck_i        | dbg_hub/inst/BSCANID.u_xsdbm_id/CORE_XSDB.UUT_MASTER/U_ICON_INTERFACE/U_CMD7_STAT/icn_cmd_en_temp                                                                                                                                                        |                                                                                                                                                                                                                                         |                1 |              3 |         3.00 |
|  zusys_i/zynq_ultra_ps_e_0/U0/pl_clk0          | zusys_i/vio_general/inst/PROBE_OUT_ALL_INST/Committ_2                                                                                                                                                                                                    | zusys_i/vio_general/inst/DECODER_INST/SR[0]                                                                                                                                                                                             |                2 |              3 |         1.50 |
|  zusys_i/zynq_ultra_ps_e_0/U0/pl_clk0          | dbg_hub/inst/BSCANID.u_xsdbm_id/CORE_XSDB.UUT_MASTER/U_ICON_INTERFACE/U_CMD1/ctl_reg[2]_i_1_n_0                                                                                                                                                          |                                                                                                                                                                                                                                         |                2 |              3 |         1.50 |
|  zusys_i/zynq_ultra_ps_e_0/U0/pl_clk0          | zusys_i/vio_general/inst/DECODER_INST/wr_control_reg                                                                                                                                                                                                     | dbg_hub/inst/BSCANID.u_xsdbm_id/CORE_XSDB.UUT_MASTER/U_XSDB_BUS_CONTROLLER/sl_iport1_o[0]                                                                                                                                               |                1 |              3 |         3.00 |
|  dbg_hub/inst/BSCANID.u_xsdbm_id/itck_i        | dbg_hub/inst/BSCANID.u_xsdbm_id/CORE_XSDB.UUT_MASTER/U_ICON_INTERFACE/U_CMD1/icn_cmd_en_temp                                                                                                                                                             |                                                                                                                                                                                                                                         |                1 |              3 |         3.00 |
|  zusys_i/zynq_ultra_ps_e_0/U0/pl_clk0          |                                                                                                                                                                                                                                                          | dbg_hub/inst/BSCANID.u_xsdbm_id/CORE_XSDB.UUT_MASTER/U_ICON_INTERFACE/U_CMD6_RD/U_RD_FIFO/SUBCORE_FIFO.xsdbm_v3_0_3_rdfifo_inst/inst_fifo_gen/gconvfifo.rf/grf.rf/rstblk/ngwrdrst.grst.g7serrst.gwrrd_rst_sync_stage[2].wrst_inst/AS[0] |                1 |              3 |         3.00 |
|  zusys_i/zynq_ultra_ps_e_0/U0/pl_clk0          |                                                                                                                                                                                                                                                          | dbg_hub/inst/BSCANID.u_xsdbm_id/CORE_XSDB.UUT_MASTER/U_ICON_INTERFACE/U_CMD6_WR/U_WR_FIFO/SUBCORE_FIFO.xsdbm_v3_0_3_wrfifo_inst/inst_fifo_gen/gconvfifo.rf/grf.rf/rstblk/ngwrdrst.grst.g7serrst.gwrrd_rst_sync_stage[2].rrst_inst/AS[0] |                1 |              3 |         3.00 |
|  zusys_i/zynq_ultra_ps_e_0/U0/pl_clk0          |                                                                                                                                                                                                                                                          | zusys_i/vio_general/inst/DECODER_INST/SR[0]                                                                                                                                                                                             |                2 |              3 |         1.50 |
|  dbg_hub/inst/BSCANID.u_xsdbm_id/itck_i        |                                                                                                                                                                                                                                                          | dbg_hub/inst/BSCANID.u_xsdbm_id/CORE_XSDB.UUT_MASTER/U_ICON_INTERFACE/U_CMD6_RD/U_RD_FIFO/SUBCORE_FIFO.xsdbm_v3_0_3_rdfifo_inst/inst_fifo_gen/gconvfifo.rf/grf.rf/rstblk/ngwrdrst.grst.g7serrst.gwrrd_rst_sync_stage[2].rrst_inst/AS[0] |                1 |              3 |         3.00 |
|  dbg_hub/inst/BSCANID.u_xsdbm_id/itck_i        |                                                                                                                                                                                                                                                          | dbg_hub/inst/BSCANID.u_xsdbm_id/CORE_XSDB.UUT_MASTER/U_ICON_INTERFACE/U_CMD6_WR/U_WR_FIFO/SUBCORE_FIFO.xsdbm_v3_0_3_wrfifo_inst/inst_fifo_gen/gconvfifo.rf/grf.rf/rstblk/ngwrdrst.grst.g7serrst.gwrrd_rst_sync_stage[2].wrst_inst/AS[0] |                2 |              3 |         1.50 |
|  zusys_i/zynq_ultra_ps_e_0/U0/pl_clk0          |                                                                                                                                                                                                                                                          | dbg_hub/inst/BSCANID.u_xsdbm_id/CORE_XSDB.UUT_MASTER/U_XSDB_BUS_CONTROLLER/sl_iport1_o[0]                                                                                                                                               |                1 |              3 |         3.00 |
|  zusys_i/zynq_ultra_ps_e_0/U0/pl_clk0          | zusys_i/RGPIO/vio_rgpio/inst/DECODER_INST/rd_en_reg[5]_0[0]                                                                                                                                                                                              | zusys_i/RGPIO/vio_rgpio/inst/PROBE_IN_WIDTH_INST/addr_count[3]_i_1_n_0                                                                                                                                                                  |                1 |              4 |         4.00 |
|  zusys_i/zynq_ultra_ps_e_0/U0/pl_clk0          | dbg_hub/inst/BSCANID.u_xsdbm_id/CORE_XSDB.UUT_MASTER/U_ICON_INTERFACE/U_CMD2/stat_reg_ld_temp_1                                                                                                                                                          |                                                                                                                                                                                                                                         |                4 |              4 |         1.00 |
|  dbg_hub/inst/BSCANID.u_xsdbm_id/itck_i        |                                                                                                                                                                                                                                                          | dbg_hub/inst/BSCANID.u_xsdbm_id/CORE_XSDB.UUT_MASTER/U_ICON_INTERFACE/icn_cmd_en[3]_i_1_n_0                                                                                                                                             |                1 |              4 |         4.00 |
|  dbg_hub/inst/BSCANID.u_xsdbm_id/itck_i        | dbg_hub/inst/BSCANID.u_xsdbm_id/CORE_XSDB.UUT_MASTER/U_ICON_INTERFACE/U_CMD3/icn_cmd_en_temp                                                                                                                                                             |                                                                                                                                                                                                                                         |                2 |              4 |         2.00 |
|  dbg_hub/inst/BSCANID.u_xsdbm_id/itck_i        | dbg_hub/inst/BSCANID.u_xsdbm_id/CORE_XSDB.UUT_MASTER/U_ICON_INTERFACE/U_CMD2/icn_cmd_en_temp                                                                                                                                                             |                                                                                                                                                                                                                                         |                1 |              4 |         4.00 |
|  zusys_i/zynq_ultra_ps_e_0/U0/pl_clk0          | dbg_hub/inst/BSCANID.u_xsdbm_id/CORE_XSDB.UUT_MASTER/U_ICON_INTERFACE/U_CMD3/stat_reg_ld_temp_1_reg_n_0                                                                                                                                                  |                                                                                                                                                                                                                                         |                4 |              4 |         1.00 |
|  zusys_i/zynq_ultra_ps_e_0/U0/dp_audio_ref_clk |                                                                                                                                                                                                                                                          |                                                                                                                                                                                                                                         |                1 |              4 |         4.00 |
|  dbg_hub/inst/BSCANID.u_xsdbm_id/itck_i        |                                                                                                                                                                                                                                                          | dbg_hub/inst/BSCANID.u_xsdbm_id/CORE_XSDB.UUT_MASTER/U_ICON_INTERFACE/U_CMD5/SR[0]                                                                                                                                                      |                1 |              4 |         4.00 |
|  dbg_hub/inst/BSCANID.u_xsdbm_id/itck_i        |                                                                                                                                                                                                                                                          | dbg_hub/inst/BSCANID.u_xsdbm_id/CORE_XSDB.UUT_MASTER/U_ICON_INTERFACE/U_CMD5/shift_reg_in_reg[17]_0[0]                                                                                                                                  |                1 |              4 |         4.00 |
|  dbg_hub/inst/BSCANID.u_xsdbm_id/itck_i        |                                                                                                                                                                                                                                                          | dbg_hub/inst/BSCANID.u_xsdbm_id/CORE_XSDB.U_ICON/U_CMD/SYNC_reg                                                                                                                                                                         |                2 |              4 |         2.00 |
|  zusys_i/zynq_ultra_ps_e_0/U0/pl_clk0          | zusys_i/RGPIO/vio_rgpio/inst/DECODER_INST/wr_control_reg                                                                                                                                                                                                 | dbg_hub/inst/BSCANID.u_xsdbm_id/CORE_XSDB.UUT_MASTER/U_XSDB_BUS_CONTROLLER/sl_iport0_o[0]                                                                                                                                               |                2 |              4 |         2.00 |
|  zusys_i/zynq_ultra_ps_e_0/U0/pl_clk0          |                                                                                                                                                                                                                                                          | zusys_i/vio_general/inst/PROBE_OUT_ALL_INST/G_PROBE_OUT[0].wr_probe_out[0]_i_6_0                                                                                                                                                        |                1 |              4 |         4.00 |
|  zusys_i/zynq_ultra_ps_e_0/U0/pl_clk0          |                                                                                                                                                                                                                                                          | zusys_i/RGPIO/vio_rgpio/inst/PROBE_OUT_ALL_INST/G_PROBE_OUT[2].wr_probe_out[2]_i_1_n_0                                                                                                                                                  |                1 |              4 |         4.00 |
|  zusys_i/zynq_ultra_ps_e_0/U0/pl_clk0          |                                                                                                                                                                                                                                                          | zusys_i/RGPIO/vio_rgpio/inst/PROBE_OUT_ALL_INST/G_PROBE_OUT[4].wr_probe_out[4]_i_1_n_0                                                                                                                                                  |                1 |              4 |         4.00 |
|  zusys_i/zynq_ultra_ps_e_0/U0/pl_clk0          |                                                                                                                                                                                                                                                          | zusys_i/RGPIO/vio_rgpio/inst/PROBE_OUT_ALL_INST/addr_p1_reg[2]_0[2]                                                                                                                                                                     |                1 |              4 |         4.00 |
|  zusys_i/zynq_ultra_ps_e_0/U0/pl_clk0          | zusys_i/RGPIO/vio_rgpio/inst/PROBE_OUT_ALL_INST/wr_probe_out[3]                                                                                                                                                                                          | zusys_i/RGPIO/vio_rgpio/inst/DECODER_INST/SR[0]                                                                                                                                                                                         |                3 |              4 |         1.33 |
|  zusys_i/zynq_ultra_ps_e_0/U0/pl_clk0          | zusys_i/RGPIO/vio_rgpio/inst/PROBE_IN_INST/Read_int                                                                                                                                                                                                      | zusys_i/RGPIO/vio_rgpio/inst/PROBE_IN_INST/addr_count_reg0                                                                                                                                                                              |                1 |              5 |         5.00 |
|  dbg_hub/inst/BSCANID.u_xsdbm_id/itck_i        | dbg_hub/inst/BSCANID.u_xsdbm_id/SWITCH_N_EXT_BSCAN.bscan_inst/SEL                                                                                                                                                                                        | dbg_hub/inst/BSCANID.u_xsdbm_id/SWITCH_N_EXT_BSCAN.bscan_inst/RESET                                                                                                                                                                     |                2 |              6 |         3.00 |
|  zusys_i/zynq_ultra_ps_e_0/U0/pl_clk0          | zusys_i/RGPIO/vio_rgpio/inst/PROBE_OUT_ALL_INST/wr_probe_out[5]                                                                                                                                                                                          | zusys_i/RGPIO/vio_rgpio/inst/DECODER_INST/SR[0]                                                                                                                                                                                         |                2 |              6 |         3.00 |
|  dbg_hub/inst/BSCANID.u_xsdbm_id/itck_i        |                                                                                                                                                                                                                                                          | dbg_hub/inst/BSCANID.u_xsdbm_id/CORE_XSDB.U_ICON/U_CMD/SR[0]                                                                                                                                                                            |                1 |              6 |         6.00 |
|  dbg_hub/inst/BSCANID.u_xsdbm_id/itck_i        |                                                                                                                                                                                                                                                          | dbg_hub/inst/BSCANID.u_xsdbm_id/CORE_XSDB.UUT_MASTER/U_ICON_INTERFACE/icn_cmd_en_reg_n_0_[0]                                                                                                                                            |                2 |              7 |         3.50 |
|  zusys_i/zynq_ultra_ps_e_0/U0/pl_clk0          |                                                                                                                                                                                                                                                          | dbg_hub/inst/BSCANID.u_xsdbm_id/CORE_XSDB.UUT_MASTER/U_XSDB_BUS_CONTROLLER/timer_rst                                                                                                                                                    |                2 |              8 |         4.00 |
|  dbg_hub/inst/BSCANID.u_xsdbm_id/itck_i        | dbg_hub/inst/BSCANID.u_xsdbm_id/CORE_XSDB.UUT_MASTER/U_ICON_INTERFACE/U_CMD6_RD/U_RD_FIFO/SUBCORE_FIFO.xsdbm_v3_0_3_rdfifo_inst/inst_fifo_gen/gconvfifo.rf/grf.rf/gntv_or_sync_fifo.gl0.rd/gr1.gr1_int.rfwft/E[0]                                        | dbg_hub/inst/BSCANID.u_xsdbm_id/CORE_XSDB.UUT_MASTER/U_ICON_INTERFACE/U_CMD6_RD/U_RD_FIFO/SUBCORE_FIFO.xsdbm_v3_0_3_rdfifo_inst/inst_fifo_gen/gconvfifo.rf/grf.rf/rstblk/ngwrdrst.grst.rd_rst_reg[2]                                    |                2 |              8 |         4.00 |
|  dbg_hub/inst/BSCANID.u_xsdbm_id/itck_i        |                                                                                                                                                                                                                                                          | dbg_hub/inst/BSCANID.u_xsdbm_id/CORE_XSDB.U_ICON/iDATA_CMD                                                                                                                                                                              |                1 |              8 |         8.00 |
|  dbg_hub/inst/BSCANID.u_xsdbm_id/itck_i        |                                                                                                                                                                                                                                                          | dbg_hub/inst/BSCANID.u_xsdbm_id/SWITCH_N_EXT_BSCAN.bscan_switch/counter[7]_i_1_n_0                                                                                                                                                      |                2 |              8 |         4.00 |
|  zusys_i/zynq_ultra_ps_e_0/U0/pl_clk0          | dbg_hub/inst/BSCANID.u_xsdbm_id/CORE_XSDB.UUT_MASTER/U_ICON_INTERFACE/U_CMD6_WR/U_WR_FIFO/SUBCORE_FIFO.xsdbm_v3_0_3_wrfifo_inst/inst_fifo_gen/gconvfifo.rf/grf.rf/gntv_or_sync_fifo.gl0.rd/gras.rsts/E[0]                                                | dbg_hub/inst/BSCANID.u_xsdbm_id/CORE_XSDB.UUT_MASTER/U_ICON_INTERFACE/U_CMD6_WR/U_WR_FIFO/SUBCORE_FIFO.xsdbm_v3_0_3_wrfifo_inst/inst_fifo_gen/gconvfifo.rf/grf.rf/rstblk/ngwrdrst.grst.rd_rst_reg[2]                                    |                2 |              8 |         4.00 |
|  zusys_i/zynq_ultra_ps_e_0/U0/pl_clk0          | zusys_i/RGPIO/vio_rgpio/inst/PROBE_OUT_ALL_INST/wr_probe_out[7]                                                                                                                                                                                          | zusys_i/RGPIO/vio_rgpio/inst/DECODER_INST/SR[0]                                                                                                                                                                                         |                3 |              8 |         2.67 |
|  dbg_hub/inst/BSCANID.u_xsdbm_id/itck_i        | dbg_hub/inst/BSCANID.u_xsdbm_id/CORE_XSDB.U_ICON/U_CMD/iTARGET_CE                                                                                                                                                                                        | dbg_hub/inst/BSCANID.u_xsdbm_id/SWITCH_N_EXT_BSCAN.bscan_switch/m_bscan_sel[0]                                                                                                                                                          |                2 |             10 |         5.00 |
|  dbg_hub/inst/BSCANID.u_xsdbm_id/itck_i        |                                                                                                                                                                                                                                                          | dbg_hub/inst/BSCANID.u_xsdbm_id/CORE_XSDB.UUT_MASTER/U_ICON_INTERFACE/U_CMD6_RD/U_RD_FIFO/SUBCORE_FIFO.xsdbm_v3_0_3_rdfifo_inst/inst_fifo_gen/gconvfifo.rf/grf.rf/rstblk/ngwrdrst.grst.rd_rst_reg[2]                                    |                2 |             10 |         5.00 |
|  dbg_hub/inst/BSCANID.u_xsdbm_id/itck_i        | dbg_hub/inst/BSCANID.u_xsdbm_id/CORE_XSDB.UUT_MASTER/U_ICON_INTERFACE/U_CMD6_WR/U_WR_FIFO/SUBCORE_FIFO.xsdbm_v3_0_3_wrfifo_inst/inst_fifo_gen/gconvfifo.rf/grf.rf/gntv_or_sync_fifo.gl0.wr/gwas.wsts/E[0]                                                | dbg_hub/inst/BSCANID.u_xsdbm_id/CORE_XSDB.UUT_MASTER/U_ICON_INTERFACE/U_CMD6_WR/U_WR_FIFO/SUBCORE_FIFO.xsdbm_v3_0_3_wrfifo_inst/inst_fifo_gen/gconvfifo.rf/grf.rf/rstblk/ngwrdrst.grst.wr_rst_reg[1]                                    |                1 |             12 |        12.00 |
|  zusys_i/zynq_ultra_ps_e_0/U0/pl_clk0          | dbg_hub/inst/BSCANID.u_xsdbm_id/CORE_XSDB.UUT_MASTER/U_ICON_INTERFACE/U_CMD6_RD/U_RD_FIFO/SUBCORE_FIFO.xsdbm_v3_0_3_rdfifo_inst/inst_fifo_gen/gconvfifo.rf/grf.rf/gntv_or_sync_fifo.gl0.wr/gwas.wsts/E[0]                                                | dbg_hub/inst/BSCANID.u_xsdbm_id/CORE_XSDB.UUT_MASTER/U_ICON_INTERFACE/U_CMD6_RD/U_RD_FIFO/SUBCORE_FIFO.xsdbm_v3_0_3_rdfifo_inst/inst_fifo_gen/gconvfifo.rf/grf.rf/rstblk/ngwrdrst.grst.wr_rst_reg[1]                                    |                1 |             12 |        12.00 |
|  zusys_i/zynq_ultra_ps_e_0/U0/pl_clk0          | zusys_i/RGPIO/vio_rgpio/inst/PROBE_OUT_ALL_INST/wr_probe_out[2]                                                                                                                                                                                          | zusys_i/RGPIO/vio_rgpio/inst/DECODER_INST/SR[0]                                                                                                                                                                                         |                5 |             12 |         2.40 |
|  zusys_i/zynq_ultra_ps_e_0/U0/pl_clk0          |                                                                                                                                                                                                                                                          | zusys_i/vio_general/inst/DECODER_INST/xsdb_addr_8_p2                                                                                                                                                                                    |                5 |             15 |         3.00 |
|  zusys_i/zynq_ultra_ps_e_0/U0/pl_clk0          | zusys_i/RGPIO/vio_rgpio/inst/PROBE_OUT_ALL_INST/G_PROBE_OUT[6].wr_probe_out_reg                                                                                                                                                                          | zusys_i/RGPIO/vio_rgpio/inst/DECODER_INST/SR[0]                                                                                                                                                                                         |                8 |             16 |         2.00 |
|  zusys_i/zynq_ultra_ps_e_0/U0/pl_clk0          | zusys_i/RGPIO/vio_rgpio/inst/U_XSDB_SLAVE/reg_test0                                                                                                                                                                                                      |                                                                                                                                                                                                                                         |                7 |             16 |         2.29 |
|  dbg_hub/inst/BSCANID.u_xsdbm_id/itck_i        |                                                                                                                                                                                                                                                          | dbg_hub/inst/BSCANID.u_xsdbm_id/CORE_XSDB.UUT_MASTER/U_ICON_INTERFACE/U_CMD6_RD/U_RD_FIFO/SUBCORE_FIFO.xsdbm_v3_0_3_rdfifo_inst/inst_fifo_gen/gconvfifo.rf/grf.rf/rstblk/ngwrdrst.grst.rd_rst_reg[1]                                    |                3 |             16 |         5.33 |
|  zusys_i/zynq_ultra_ps_e_0/U0/pl_clk0          |                                                                                                                                                                                                                                                          | dbg_hub/inst/BSCANID.u_xsdbm_id/CORE_XSDB.UUT_MASTER/U_ICON_INTERFACE/U_CMD6_WR/U_WR_FIFO/SUBCORE_FIFO.xsdbm_v3_0_3_wrfifo_inst/inst_fifo_gen/gconvfifo.rf/grf.rf/rstblk/ngwrdrst.grst.rd_rst_reg[1]                                    |                3 |             16 |         5.33 |
|  dbg_hub/inst/BSCANID.u_xsdbm_id/itck_i        | dbg_hub/inst/BSCANID.u_xsdbm_id/CORE_XSDB.UUT_MASTER/U_ICON_INTERFACE/U_CMD5/E[0]                                                                                                                                                                        | dbg_hub/inst/BSCANID.u_xsdbm_id/CORE_XSDB.UUT_MASTER/U_ICON_INTERFACE/rddata_rst                                                                                                                                                        |                3 |             16 |         5.33 |
|  zusys_i/zynq_ultra_ps_e_0/U0/pl_clk0          | zusys_i/vio_general/inst/DECODER_INST/wr_probe_out_modified                                                                                                                                                                                              | zusys_i/vio_general/inst/DECODER_INST/SR[0]                                                                                                                                                                                             |                4 |             16 |         4.00 |
|  dbg_hub/inst/BSCANID.u_xsdbm_id/itck_i        | dbg_hub/inst/BSCANID.u_xsdbm_id/CORE_XSDB.UUT_MASTER/U_ICON_INTERFACE/U_CMD5/icn_cmd_en_reg[6][0]                                                                                                                                                        | dbg_hub/inst/BSCANID.u_xsdbm_id/CORE_XSDB.UUT_MASTER/U_ICON_INTERFACE/wrdata_rst                                                                                                                                                        |                1 |             16 |        16.00 |
|  dbg_hub/inst/BSCANID.u_xsdbm_id/itck_i        | dbg_hub/inst/BSCANID.u_xsdbm_id/CORE_XSDB.UUT_MASTER/U_ICON_INTERFACE/U_CMD6_RD/U_RD_FIFO/SUBCORE_FIFO.xsdbm_v3_0_3_rdfifo_inst/inst_fifo_gen/gconvfifo.rf/grf.rf/gntv_or_sync_fifo.gl0.rd/gr1.gr1_int.rfwft/E[0]                                        |                                                                                                                                                                                                                                         |                2 |             16 |         8.00 |
|  dbg_hub/inst/BSCANID.u_xsdbm_id/itck_i        | dbg_hub/inst/BSCANID.u_xsdbm_id/CORE_XSDB.UUT_MASTER/U_ICON_INTERFACE/U_CMD6_RD/U_RD_FIFO/SUBCORE_FIFO.xsdbm_v3_0_3_rdfifo_inst/inst_fifo_gen/gconvfifo.rf/grf.rf/gntv_or_sync_fifo.gl0.rd/gr1.gr1_int.rfwft/ngwrdrst.grst.g7serrst.rd_rst_reg_reg[0][0] |                                                                                                                                                                                                                                         |                2 |             16 |         8.00 |
|  zusys_i/zynq_ultra_ps_e_0/U0/pl_clk0          | zusys_i/RGPIO/vio_rgpio/inst/DECODER_INST/wr_probe_out_modified                                                                                                                                                                                          | zusys_i/RGPIO/vio_rgpio/inst/DECODER_INST/SR[0]                                                                                                                                                                                         |                9 |             16 |         1.78 |
|  zusys_i/zynq_ultra_ps_e_0/U0/pl_clk0          | zusys_i/vio_general/inst/U_XSDB_SLAVE/reg_test0                                                                                                                                                                                                          |                                                                                                                                                                                                                                         |                9 |             16 |         1.78 |
|  zusys_i/zynq_ultra_ps_e_0/U0/pl_clk0          | dbg_hub/inst/BSCANID.u_xsdbm_id/CORE_XSDB.UUT_MASTER/U_ICON_INTERFACE/U_CMD6_WR/U_WR_FIFO/SUBCORE_FIFO.xsdbm_v3_0_3_wrfifo_inst/inst_fifo_gen/gconvfifo.rf/grf.rf/gntv_or_sync_fifo.gl0.rd/gras.rsts/E[0]                                                |                                                                                                                                                                                                                                         |                5 |             16 |         3.20 |
|  zusys_i/zynq_ultra_ps_e_0/U0/pl_clk0          | dbg_hub/inst/BSCANID.u_xsdbm_id/CORE_XSDB.UUT_MASTER/U_XSDB_ADDRESS_CONTROLLER/addr[16]_i_1_n_0                                                                                                                                                          | dbg_hub/inst/BSCANID.u_xsdbm_id/CORE_XSDB.UUT_MASTER/U_ICON_INTERFACE/U_CMD1/ctl_reg[0]                                                                                                                                                 |                3 |             17 |         5.67 |
|  zusys_i/zynq_ultra_ps_e_0/U0/pl_clk0          | dbg_hub/inst/BSCANID.u_xsdbm_id/CORE_XSDB.UUT_MASTER/U_XSDB_BURST_WD_LEN_CONTROLLER/burst_wd[0]_i_1_n_0                                                                                                                                                  | dbg_hub/inst/BSCANID.u_xsdbm_id/CORE_XSDB.UUT_MASTER/U_ICON_INTERFACE/U_CMD1/ctl_reg[0]                                                                                                                                                 |                3 |             17 |         5.67 |
|  zusys_i/zynq_ultra_ps_e_0/U0/pl_clk1          |                                                                                                                                                                                                                                                          |                                                                                                                                                                                                                                         |                4 |             18 |         4.50 |
|  dbg_hub/inst/BSCANID.u_xsdbm_id/itck_i        | dbg_hub/inst/BSCANID.u_xsdbm_id/CORE_XSDB.UUT_MASTER/U_ICON_INTERFACE/U_CMD5/icn_cmd_en_temp                                                                                                                                                             | dbg_hub/inst/BSCANID.u_xsdbm_id/CORE_XSDB.UUT_MASTER/U_ICON_INTERFACE/U_CMD1/ctl_reg[0]                                                                                                                                                 |                2 |             18 |         9.00 |
|  zusys_i/zynq_ultra_ps_e_0/U0/pl_clk0          | dbg_hub/inst/BSCANID.u_xsdbm_id/CORE_XSDB.UUT_MASTER/U_ICON_INTERFACE/U_CMD5/ctl_reg[17]_i_1_n_0                                                                                                                                                         | dbg_hub/inst/BSCANID.u_xsdbm_id/CORE_XSDB.UUT_MASTER/U_ICON_INTERFACE/U_CMD1/ctl_reg[0]                                                                                                                                                 |                3 |             18 |         6.00 |
|  dbg_hub/inst/BSCANID.u_xsdbm_id/itck_i        |                                                                                                                                                                                                                                                          | dbg_hub/inst/BSCANID.u_xsdbm_id/CORE_XSDB.UUT_MASTER/U_ICON_INTERFACE/U_CMD6_WR/U_WR_FIFO/SUBCORE_FIFO.xsdbm_v3_0_3_wrfifo_inst/inst_fifo_gen/gconvfifo.rf/grf.rf/rstblk/ngwrdrst.grst.wr_rst_reg[0]                                    |                3 |             18 |         6.00 |
|  zusys_i/zynq_ultra_ps_e_0/U0/pl_clk0          |                                                                                                                                                                                                                                                          | dbg_hub/inst/BSCANID.u_xsdbm_id/CORE_XSDB.UUT_MASTER/U_ICON_INTERFACE/U_CMD6_RD/U_RD_FIFO/SUBCORE_FIFO.xsdbm_v3_0_3_rdfifo_inst/inst_fifo_gen/gconvfifo.rf/grf.rf/rstblk/ngwrdrst.grst.wr_rst_reg[0]                                    |                5 |             18 |         3.60 |
|  zusys_i/zynq_ultra_ps_e_0/U0/pl_clk0          | dbg_hub/inst/BSCANID.u_xsdbm_id/CORE_XSDB.UUT_MASTER/U_ICON_INTERFACE/U_CMD6_RD/U_RD_FIFO/SUBCORE_FIFO.xsdbm_v3_0_3_rdfifo_inst/inst_fifo_gen/gconvfifo.rf/grf.rf/gntv_or_sync_fifo.gl0.wr/gwas.wsts/E[0]                                                |                                                                                                                                                                                                                                         |                2 |             20 |        10.00 |
|  dbg_hub/inst/BSCANID.u_xsdbm_id/itck_i        | dbg_hub/inst/BSCANID.u_xsdbm_id/CORE_XSDB.UUT_MASTER/U_ICON_INTERFACE/U_CMD6_WR/U_WR_FIFO/SUBCORE_FIFO.xsdbm_v3_0_3_wrfifo_inst/inst_fifo_gen/gconvfifo.rf/grf.rf/gntv_or_sync_fifo.gl0.wr/gwas.wsts/E[0]                                                |                                                                                                                                                                                                                                         |                2 |             20 |        10.00 |
|  zusys_i/zynq_ultra_ps_e_0/U0/dp_audio_ref_clk | zusys_i/axis_live_audio_0/U0/transmit_data[31]                                                                                                                                                                                                           |                                                                                                                                                                                                                                         |                6 |             24 |         4.00 |
|  zusys_i/zynq_ultra_ps_e_0/U0/dp_audio_ref_clk | zusys_i/axis_live_audio_0/U0/right_audio_data_0                                                                                                                                                                                                          |                                                                                                                                                                                                                                         |                8 |             24 |         3.00 |
|  zusys_i/zynq_ultra_ps_e_0/U0/dp_audio_ref_clk | zusys_i/axis_live_audio_0/U0/left_audio_data_1                                                                                                                                                                                                           |                                                                                                                                                                                                                                         |                7 |             24 |         3.43 |
|  zusys_i/zynq_ultra_ps_e_0/U0/dp_audio_ref_clk | zusys_i/axis_live_audio_0/U0/m_axis_tdata[31]_i_1_n_0                                                                                                                                                                                                    |                                                                                                                                                                                                                                         |                6 |             26 |         4.33 |
|  zusys_i/zynq_ultra_ps_e_0/U0/pl_clk0          | dbg_hub/inst/BSCANID.u_xsdbm_id/CORE_XSDB.UUT_MASTER/U_ICON_INTERFACE/U_CMD4/ctl_reg[27]_i_1_n_0                                                                                                                                                         | dbg_hub/inst/BSCANID.u_xsdbm_id/CORE_XSDB.UUT_MASTER/U_ICON_INTERFACE/U_CMD1/ctl_reg[0]                                                                                                                                                 |                6 |             28 |         4.67 |
|  dbg_hub/inst/BSCANID.u_xsdbm_id/itck_i        | dbg_hub/inst/BSCANID.u_xsdbm_id/CORE_XSDB.UUT_MASTER/U_ICON_INTERFACE/U_CMD4/icn_cmd_en_temp                                                                                                                                                             | dbg_hub/inst/BSCANID.u_xsdbm_id/CORE_XSDB.UUT_MASTER/U_ICON_INTERFACE/U_CMD1/ctl_reg[0]                                                                                                                                                 |                2 |             28 |        14.00 |
|  zusys_i/zynq_ultra_ps_e_0/U0/dp_audio_ref_clk | zusys_i/axis_live_audio_0/U0/lrclk_sr[1]_i_1_n_0                                                                                                                                                                                                         |                                                                                                                                                                                                                                         |                4 |             28 |         7.00 |
|  dbg_hub/inst/BSCANID.u_xsdbm_id/itck_i        | dbg_hub/inst/BSCANID.u_xsdbm_id/SWITCH_N_EXT_BSCAN.bscan_switch/temp_curid[28]_i_1_n_0                                                                                                                                                                   | dbg_hub/inst/BSCANID.u_xsdbm_id/SWITCH_N_EXT_BSCAN.bscan_switch/temp_curid[31]_i_1_n_0                                                                                                                                                  |                6 |             31 |         5.17 |
|  dbg_hub/inst/BSCANID.u_xsdbm_id/itck_i        |                                                                                                                                                                                                                                                          | dbg_hub/inst/BSCANID.u_xsdbm_id/SWITCH_N_EXT_BSCAN.bscan_switch/shiftreg[31]_i_1_n_0                                                                                                                                                    |                8 |             32 |         4.00 |
|  zusys_i/zynq_ultra_ps_e_0/U0/pl_clk1          | zusys_i/RGPIO/RGPIO_Slave_CPLD/U0/master_gen.ddrspi_master_i/control_d2                                                                                                                                                                                  |                                                                                                                                                                                                                                         |                7 |             32 |         4.57 |
|  dbg_hub/inst/BSCANID.u_xsdbm_id/itck_i        | dbg_hub/inst/BSCANID.u_xsdbm_id/SWITCH_N_EXT_BSCAN.bscan_switch/bscanid[31]_i_1_n_0                                                                                                                                                                      | dbg_hub/inst/BSCANID.u_xsdbm_id/SWITCH_N_EXT_BSCAN.bscan_inst/RESET                                                                                                                                                                     |                6 |             32 |         5.33 |
|  zusys_i/zynq_ultra_ps_e_0/U0/pl_clk1          | zusys_i/RGPIO/RGPIO_Slave_CPLD/U0/master_gen.ddrspi_master_i/cnt_reg__0[0]                                                                                                                                                                               |                                                                                                                                                                                                                                         |                6 |             32 |         5.33 |
| ~zusys_i/zynq_ultra_ps_e_0/U0/pl_clk1          | zusys_i/RGPIO/RGPIO_Master_CPLD/U0/master_gen.ddrspi_master_i/cnt_reg__0[0]                                                                                                                                                                              |                                                                                                                                                                                                                                         |                6 |             32 |         5.33 |
| ~zusys_i/zynq_ultra_ps_e_0/U0/pl_clk1          | zusys_i/RGPIO/RGPIO_Slave_CPLD/U0/master_gen.ddrspi_master_i/cnt_reg__0[0]                                                                                                                                                                               |                                                                                                                                                                                                                                         |                4 |             32 |         8.00 |
|  zusys_i/zynq_ultra_ps_e_0/U0/pl_clk1          | zusys_i/RGPIO/RGPIO_Master_CPLD/U0/master_gen.ddrspi_master_i/cnt_reg__0[0]                                                                                                                                                                              |                                                                                                                                                                                                                                         |                6 |             32 |         5.33 |
|  zusys_i/zynq_ultra_ps_e_0/U0/pl_clk1          | zusys_i/RGPIO/RGPIO_Master_CPLD/U0/master_gen.ddrspi_master_i/control_d2                                                                                                                                                                                 |                                                                                                                                                                                                                                         |                9 |             32 |         3.56 |
|  dbg_hub/inst/BSCANID.u_xsdbm_id/itck_i        | dbg_hub/inst/BSCANID.u_xsdbm_id/SWITCH_N_EXT_BSCAN.id_state[1]_i_1_n_0                                                                                                                                                                                   | dbg_hub/inst/BSCANID.u_xsdbm_id/SWITCH_N_EXT_BSCAN.bscan_inst/RESET                                                                                                                                                                     |                6 |             34 |         5.67 |
|  zusys_i/zynq_ultra_ps_e_0/U0/pl_clk0          |                                                                                                                                                                                                                                                          | dbg_hub/inst/BSCANID.u_xsdbm_id/CORE_XSDB.UUT_MASTER/U_ICON_INTERFACE/U_CMD1/ctl_reg[0]                                                                                                                                                 |               14 |             36 |         2.57 |
|  zusys_i/zynq_ultra_ps_e_0/U0/pl_clk0          | zusys_i/RGPIO/vio_rgpio/inst/DECODER_INST/Hold_probe_in_reg_0[0]                                                                                                                                                                                         |                                                                                                                                                                                                                                         |               17 |             48 |         2.82 |
|  zusys_i/zynq_ultra_ps_e_0/U0/pl_clk0          | zusys_i/RGPIO/vio_rgpio/inst/PROBE_OUT_ALL_INST/Committ_2                                                                                                                                                                                                | zusys_i/RGPIO/vio_rgpio/inst/DECODER_INST/SR[0]                                                                                                                                                                                         |                9 |             50 |         5.56 |
|  dbg_hub/inst/BSCANID.u_xsdbm_id/itck_i        |                                                                                                                                                                                                                                                          |                                                                                                                                                                                                                                         |               25 |             65 |         2.60 |
|  zusys_i/zynq_ultra_ps_e_0/U0/pl_clk0          |                                                                                                                                                                                                                                                          |                                                                                                                                                                                                                                         |              108 |            676 |         6.26 |
+------------------------------------------------+----------------------------------------------------------------------------------------------------------------------------------------------------------------------------------------------------------------------------------------------------------+-----------------------------------------------------------------------------------------------------------------------------------------------------------------------------------------------------------------------------------------+------------------+----------------+--------------+


