#-----------------------------------------------------------
# Vivado v2024.2 (64-bit)
# SW Build 5239630 on Fri Nov 08 22:34:34 MST 2024
# IP Build 5239520 on Sun Nov 10 16:12:51 MST 2024
# SharedData Build 5239561 on Fri Nov 08 14:39:27 MST 2024
# Start of session at: Fri Oct  2 16:04:23 2026
# Process ID         : 64495
# Current directory  : /home/jackson/projects/Kestrel/AXItest
# Command line       : vivado
# Log file           : /home/jackson/projects/Kestrel/AXItest/vivado.log
# Journal file       : /home/jackson/projects/Kestrel/AXItest/vivado.jou
# Running On         : JLaptop
# Platform           : Ubuntu
# Operating System   : Ubuntu 26.04.1 LTS
# Processor Detail   : Intel(R) Core(TM) Ultra 9 386H
# CPU Frequency      : 400.000 MHz
# CPU Physical cores : 16
# CPU Logical cores  : 16
# Host memory        : 32688 MB
# Swap memory        : 8589 MB
# Total Virtual      : 41278 MB
# Available Virtual  : 29648 MB
#-----------------------------------------------------------
start_gui
open_project /home/jackson/projects/Kestrel/AXItest/AXITest/AXITest.xpr
update_compile_order -fileset sources_1
add_files -norecurse /home/jackson/projects/Kestrel/AXItest/AXITest/AXITest.srcs/sources_1/new/capture_test.sv
add_files -norecurse {/home/jackson/projects/Kestrel/AXItest/AXITest/AXITest.srcs/sources_1/new/capture_test.v /home/jackson/projects/Kestrel/AXItest/AXITest/AXITest.srcs/sources_1/new/touch_test.v}
update_compile_order -fileset sources_1
open_bd_design {/home/jackson/projects/Kestrel/AXItest/AXITest/AXITest.srcs/sources_1/bd/zusys/zusys.bd}
create_bd_cell -type module -reference capture_test1 capture_test1_0
set_property location {2 554 -120} [get_bd_cells capture_test1_0]
set_property location {2 618 -325} [get_bd_cells capture_test1_0]
set_property location {3 1264 76} [get_bd_cells capture_test1_0]
set_property location {1 287 801} [get_bd_cells capture_test1_0]
create_bd_cell -type module -reference touch_test touch_test_0
set_property location {2 516 975} [get_bd_cells touch_test_0]
startgroup
create_bd_cell -type ip -vlnv user.org:user:AXILite2:1.0 AXILite2_0
endgroup
apply_bd_automation -rule xilinx.com:bd_rule:axi4 -config { Clk_master {/zynq_ultra_ps_e_0/pl_clk0 (100 MHz)} Clk_slave {Auto} Clk_xbar {Auto} Master {/zynq_ultra_ps_e_0/M_AXI_HPM0_LPD} Slave {/AXILite2_0/S00_AXI} ddr_seg {Auto} intc_ip {New AXI SmartConnect} master_apm {0}}  [get_bd_intf_pins AXILite2_0/S00_AXI]
set_property location {0.5 -33 797} [get_bd_cells AXILite2_0]
save_bd_design
update_compile_order -fileset sources_1
