#-----------------------------------------------------------
# Vivado v2024.2 (64-bit)
# SW Build 5239630 on Fri Nov 08 22:34:34 MST 2024
# IP Build 5239520 on Sun Nov 10 16:12:51 MST 2024
# SharedData Build 5239561 on Fri Nov 08 14:39:27 MST 2024
# Start of session at: Fri Sep 25 16:29:38 2026
# Process ID         : 45413
# Current directory  : /home/jackson/projects/test1/project_1/project_1.runs/zusys_p2_blink_ps_0_0_synth_1
# Command line       : vivado -log zusys_p2_blink_ps_0_0.vds -product Vivado -mode batch -messageDb vivado.pb -notrace -source zusys_p2_blink_ps_0_0.tcl
# Log file           : /home/jackson/projects/test1/project_1/project_1.runs/zusys_p2_blink_ps_0_0_synth_1/zusys_p2_blink_ps_0_0.vds
# Journal file       : /home/jackson/projects/test1/project_1/project_1.runs/zusys_p2_blink_ps_0_0_synth_1/vivado.jou
# Running On         : JLaptop
# Platform           : Ubuntu
# Operating System   : Ubuntu 26.04.1 LTS
# Processor Detail   : Intel(R) Core(TM) Ultra 9 386H
# CPU Frequency      : 4399.823 MHz
# CPU Physical cores : 16
# CPU Logical cores  : 16
# Host memory        : 32688 MB
# Swap memory        : 8589 MB
# Total Virtual      : 41278 MB
# Available Virtual  : 24700 MB
#-----------------------------------------------------------
source zusys_p2_blink_ps_0_0.tcl -notrace
